// Jest Snapshot v1, https://goo.gl/fbAQLP

exports[`Should render ExpenseListItem 1`] = `
<Link
  className="list-item"
  to="/edit/1"
>
  <div>
    <h3
      className="list-item__title"
    >
      Gum
    </h3>
    <span
      className="list-item__sub-title"
    >
      January 1st, 1970
    </span>
  </div>
  <h3
    className="list-item__data"
  >
    Rs
    195
  </h3>
</Link>
`;
